@ack
	op: const		dest: zero		type: int		value: 0	
	op: const		dest: one		type: int		value: 1	
	op: eq   		dest: cond_m		type: bool		args: ["m", "zero"]	
	op: br   		args: ["cond_m"]		labels: ["m_zero", "m_nonzero"]
.m_zero
	op: add  		dest: tmp		type: int		args: ["n", "one"]	
	op: ret  		args: ["tmp"]	
.m_nonzero
	op: eq   		dest: cond_n		type: bool		args: ["n", "zero"]	
	op: br   		args: ["cond_n"]		labels: ["n_zero", "n_nonzero"]
.n_zero
	op: sub  		dest: m1		type: int		args: ["m", "one"]	
	op: call 		dest: tmp		type: int		args: ["m1", "one"]		funcs: ["ack"]
	op: ret  		args: ["tmp"]	
.n_nonzero
	op: sub  		dest: m1		type: int		args: ["m", "one"]	
	op: sub  		dest: n1		type: int		args: ["n", "one"]	
	op: call 		dest: t1		type: int		args: ["m", "n1"]		funcs: ["ack"]
	op: call 		dest: t2		type: int		args: ["m1", "t1"]		funcs: ["ack"]
	op: ret  		args: ["t2"]	
@main
	op: call 		dest: tmp		type: int		args: ["m", "n"]		funcs: ["ack"]
	op: print		args: ["tmp"]	
