@pow
	op: id   		dest: v1		type: int		args: ["n"]	
	op: const		dest: v2		type: int		value: 1	
	op: eq   		dest: v3		type: bool		args: ["v1", "v2"]	
	op: br   		args: ["v3"]		labels: ["then.0", "else.0"]
.then.0
	op: id   		dest: v4		type: int		args: ["x"]	
	op: ret  		args: ["v4"]	
.else.0
	op: id   		dest: v5		type: int		args: ["x"]	
	op: id   		dest: v6		type: int		args: ["n"]	
	op: const		dest: v7		type: int		value: 2	
	op: div  		dest: v8		type: int		args: ["v6", "v7"]	
	op: call 		dest: half		type: int		args: ["v5", "v8"]		funcs: ["pow"]
	op: id   		dest: half		type: int		args: ["half"]	
	op: id   		dest: v9		type: int		args: ["half"]	
	op: id   		dest: v10		type: int		args: ["half"]	
	op: mul  		dest: v11		type: int		args: ["v9", "v10"]	
	op: id   		dest: half2		type: int		args: ["v11"]	
	op: id   		dest: v13		type: int		args: ["n"]	
	op: const		dest: v14		type: int		value: 2	
	op: call 		dest: v15		type: int		args: ["v13", "v14"]		funcs: ["mod"]
	op: const		dest: v16		type: int		value: 1	
	op: eq   		dest: v17		type: bool		args: ["v15", "v16"]	
	op: br   		args: ["v17"]		labels: ["then.12", "else.12"]
.then.12
	op: id   		dest: v18		type: int		args: ["half2"]	
	op: id   		dest: v19		type: int		args: ["x"]	
	op: mul  		dest: v20		type: int		args: ["v18", "v19"]	
	op: id   		dest: ans		type: int		args: ["v20"]	
	op: jmp  		labels: ["endif.12"]
.else.12
	op: id   		dest: v21		type: int		args: ["half2"]	
	op: id   		dest: ans		type: int		args: ["v21"]	
.endif.12
	op: id   		dest: v22		type: int		args: ["ans"]	
	op: ret  		args: ["v22"]	
@mod
	op: id   		dest: v0		type: int		args: ["a"]	
	op: id   		dest: v1		type: int		args: ["a"]	
	op: id   		dest: v2		type: int		args: ["b"]	
	op: div  		dest: v3		type: int		args: ["v1", "v2"]	
	op: id   		dest: v4		type: int		args: ["b"]	
	op: mul  		dest: v5		type: int		args: ["v3", "v4"]	
	op: sub  		dest: v6		type: int		args: ["v0", "v5"]	
	op: ret  		args: ["v6"]	
@LEFTSHIFT
	op: const		dest: v0		type: int		value: 2	
	op: id   		dest: v1		type: int		args: ["step"]	
	op: call 		dest: p 		type: int		args: ["v0", "v1"]		funcs: ["pow"]
	op: id   		dest: p 		type: int		args: ["p"]	
	op: id   		dest: v2		type: int		args: ["x"]	
	op: id   		dest: v3		type: int		args: ["p"]	
	op: mul  		dest: v4		type: int		args: ["v2", "v3"]	
	op: ret  		args: ["v4"]	
@RIGHTSHIFT
	op: const		dest: v0		type: int		value: 2	
	op: id   		dest: v1		type: int		args: ["step"]	
	op: call 		dest: p 		type: int		args: ["v0", "v1"]		funcs: ["pow"]
	op: id   		dest: p 		type: int		args: ["p"]	
	op: id   		dest: v2		type: int		args: ["x"]	
	op: id   		dest: v3		type: int		args: ["p"]	
	op: div  		dest: v4		type: int		args: ["v2", "v3"]	
	op: ret  		args: ["v4"]	
@main
	op: id   		dest: v2		type: int		args: ["a"]	
	op: id   		dest: v3		type: int		args: ["b"]	
	op: call 		dest: ans1		type: int		args: ["v2", "v3"]		funcs: ["LEFTSHIFT"]
	op: print		args: ["ans1"]	
	op: id   		dest: v4		type: int		args: ["c"]	
	op: id   		dest: v5		type: int		args: ["d"]	
	op: call 		dest: ans2		type: int		args: ["v4", "v5"]		funcs: ["RIGHTSHIFT"]
	op: print		args: ["ans2"]	
