@main
	op: const		dest: v 		type: int		value: 4	
	op: const		dest: b 		type: bool		value: false	
	op: br   		args: ["b"]		labels: ["there", "here"]
.here
	op: const		dest: v 		type: int		value: 2	
.there
	op: print		args: ["v"]	
