main
op: const	dest: v 	type: int	value: 2	
op: call 	funcs: ["print4"]
op: print	args: ["v"]	
print4
op: const	dest: v 	type: int	value: 4	
op: print	args: ["v"]	
op: ret  	
