@main
	op: const		dest: v0		type: int		value: 23789216	
	op: id   		dest: x 		type: int		args: ["v0"]	
	op: const		dest: v1		type: int		value: 1748698766	
	op: id   		dest: y 		type: int		args: ["v1"]	
	op: id   		dest: v2		type: int		args: ["x"]	
	op: id   		dest: v3		type: int		args: ["y"]	
	op: call 		dest: f 		type: int		args: ["v2", "v3"]		funcs: ["gcd"]
	op: id   		dest: f 		type: int		args: ["f"]	
	op: id   		dest: v4		type: int		args: ["f"]	
	op: print		args: ["v4"]	
	op: const		dest: v5		type: int		value: 0	
@mod
	op: id   		dest: v0		type: int		args: ["r"]	
	op: id   		dest: v1		type: int		args: ["r"]	
	op: id   		dest: v2		type: int		args: ["s"]	
	op: div  		dest: v3		type: int		args: ["v1", "v2"]	
	op: id   		dest: v4		type: int		args: ["s"]	
	op: mul  		dest: v5		type: int		args: ["v3", "v4"]	
	op: sub  		dest: v6		type: int		args: ["v0", "v5"]	
	op: id   		dest: result		type: int		args: ["v6"]	
	op: id   		dest: v7		type: int		args: ["result"]	
	op: ret  		args: ["v7"]	
@gcd
	op: const		dest: v0		type: int		value: 0	
	op: id   		dest: zero		type: int		args: ["v0"]	
	op: id   		dest: v1		type: int		args: ["b"]	
	op: id   		dest: v2		type: int		args: ["zero"]	
	op: eq   		dest: v3		type: bool		args: ["v1", "v2"]	
	op: id   		dest: cond_temp		type: bool		args: ["v3"]	
	op: not  		dest: v4		type: bool		args: ["cond_temp"]	
	op: id   		dest: cond		type: bool		args: ["v4"]	
.for.cond.5
	op: id   		dest: v6		type: bool		args: ["cond"]	
	op: br   		args: ["v6"]		labels: ["for.body.5", "for.end.5"]
.for.body.5
	op: id   		dest: v7		type: int		args: ["b"]	
	op: id   		dest: temp		type: int		args: ["v7"]	
	op: id   		dest: v8		type: int		args: ["a"]	
	op: id   		dest: v9		type: int		args: ["b"]	
	op: call 		dest: v10		type: int		args: ["v8", "v9"]		funcs: ["mod"]
	op: id   		dest: b 		type: int		args: ["v10"]	
	op: id   		dest: v11		type: int		args: ["temp"]	
	op: id   		dest: a 		type: int		args: ["v11"]	
	op: id   		dest: v12		type: int		args: ["b"]	
	op: id   		dest: v13		type: int		args: ["zero"]	
	op: eq   		dest: v14		type: bool		args: ["v12", "v13"]	
	op: id   		dest: cond_temp		type: bool		args: ["v14"]	
	op: not  		dest: v15		type: bool		args: ["cond_temp"]	
	op: id   		dest: cond		type: bool		args: ["v15"]	
	op: jmp  		labels: ["for.cond.5"]
.for.end.5
	op: id   		dest: v16		type: int		args: ["a"]	
	op: ret  		args: ["v16"]	
