@main
	op: id   		dest: v0		type: int		args: ["n"]	
	op: call 		dest: result		type: int		args: ["v0"]		funcs: ["fib"]
	op: print		args: ["result"]	
@fib
	op: id   		dest: v1		type: int		args: ["x"]	
	op: const		dest: v2		type: int		value: 0	
	op: eq   		dest: v3		type: bool		args: ["v1", "v2"]	
	op: br   		args: ["v3"]		labels: ["then.0", "else.0"]
.then.0
	op: const		dest: v4		type: int		value: 0	
	op: ret  		args: ["v4"]	
.else.0
	op: id   		dest: v6		type: int		args: ["x"]	
	op: const		dest: v7		type: int		value: 1	
	op: eq   		dest: v8		type: bool		args: ["v6", "v7"]	
	op: br   		args: ["v8"]		labels: ["then.5", "else.5"]
.then.5
	op: const		dest: v9		type: int		value: 1	
	op: ret  		args: ["v9"]	
.else.5
	op: id   		dest: v10		type: int		args: ["x"]	
	op: const		dest: v11		type: int		value: 1	
	op: sub  		dest: v12		type: int		args: ["v10", "v11"]	
	op: call 		dest: f1		type: int		args: ["v12"]		funcs: ["fib"]
	op: id   		dest: f1		type: int		args: ["f1"]	
	op: id   		dest: v13		type: int		args: ["x"]	
	op: const		dest: v14		type: int		value: 2	
	op: sub  		dest: v15		type: int		args: ["v13", "v14"]	
	op: call 		dest: f2		type: int		args: ["v15"]		funcs: ["fib"]
	op: id   		dest: f2		type: int		args: ["f2"]	
	op: id   		dest: v16		type: int		args: ["f1"]	
	op: id   		dest: v17		type: int		args: ["f2"]	
	op: add  		dest: v18		type: int		args: ["v16", "v17"]	
	op: ret  		args: ["v18"]	
