@main
	op: const		dest: vc0		type: int		value: 0	
	op: id   		dest: v0		type: int		args: ["op1"]	
	op: id   		dest: v1		type: int		args: ["op2"]	
.cmp.val
	op: lt   		dest: v2		type: bool		args: ["v0", "v1"]	
	op: br   		args: ["v2"]		labels: ["if.1", "else.1"]
.if.1
	op: sub  		dest: v3		type: int		args: ["v1", "v0"]	
	op: jmp  		labels: ["loop.bound"]
.else.1
	op: sub  		dest: v3		type: int		args: ["v0", "v1"]	
	op: jmp  		labels: ["loop.bound"]
.loop.bound
	op: eq   		dest: v4		type: bool		args: ["v3", "vc0"]	
	op: br   		args: ["v4"]		labels: ["program.end", "update.val"]
.update.val
	op: br   		args: ["v2"]		labels: ["if.2", "else.2"]
.if.2
	op: id   		dest: v1		type: int		args: ["v3"]	
	op: jmp  		labels: ["cmp.val"]
.else.2
	op: id   		dest: v0		type: int		args: ["v3"]	
	op: jmp  		labels: ["cmp.val"]
.program.end
	op: print		args: ["v1"]	
