@main
	op: call 		dest: tmp0		type: bool		args: ["x"]		funcs: ["is_decreasing"]
	op: id   		dest: tmp		type: bool		args: ["tmp0"]	
	op: print		args: ["tmp"]	
@is_decreasing
	op: id   		dest: tmp		type: int		args: ["x"]	
	op: const		dest: tmp1		type: int		value: 1	
	op: const		dest: tmp2		type: int		value: -1	
	op: mul  		dest: tmp3		type: int		args: ["tmp1", "tmp2"]	
	op: id   		dest: prev		type: int		args: ["tmp3"]	
.label4
	op: const		dest: tmp7		type: int		value: 0	
	op: gt   		dest: tmp8		type: bool		args: ["tmp", "tmp7"]	
	op: br   		args: ["tmp8"]		labels: ["label5", "label6"]
.label5
	op: call 		dest: tmp9		type: int		args: ["tmp"]		funcs: ["last_digit"]
	op: id   		dest: digit		type: int		args: ["tmp9"]	
	op: lt   		dest: tmp10		type: bool		args: ["digit", "prev"]	
	op: br   		args: ["tmp10"]		labels: ["label11", "label12"]
.label11
	op: const		dest: tmp14		type: bool		value: false	
	op: ret  		args: ["tmp14"]	
	op: jmp  		labels: ["label13"]
.label12
	op: jmp  		labels: ["label13"]
.label13
	op: id   		dest: prev		type: int		args: ["digit"]	
	op: const		dest: tmp15		type: int		value: 10	
	op: div  		dest: tmp16		type: int		args: ["tmp", "tmp15"]	
	op: id   		dest: tmp		type: int		args: ["tmp16"]	
	op: jmp  		labels: ["label4"]
.label6
	op: const		dest: tmp17		type: bool		value: true	
	op: ret  		args: ["tmp17"]	
@last_digit
	op: const		dest: tmp18		type: int		value: 10	
	op: div  		dest: tmp19		type: int		args: ["x", "tmp18"]	
	op: const		dest: tmp20		type: int		value: 10	
	op: mul  		dest: tmp21		type: int		args: ["tmp19", "tmp20"]	
	op: sub  		dest: tmp22		type: int		args: ["x", "tmp21"]	
	op: ret  		args: ["tmp22"]	
