@main
	op: id   		dest: value		type: int		args: ["input"]	
	op: const		dest: v1		type: int		value: 1	
	op: id   		dest: result		type: int		args: ["v1"]	
	op: id   		dest: v3		type: int		args: ["value"]	
	op: id   		dest: i 		type: int		args: ["v3"]	
.for.cond.2
	op: id   		dest: v4		type: int		args: ["i"]	
	op: const		dest: v5		type: int		value: 0	
	op: gt   		dest: v6		type: bool		args: ["v4", "v5"]	
	op: br   		args: ["v6"]		labels: ["for.body.2", "for.end.2"]
.for.body.2
	op: id   		dest: v7		type: int		args: ["result"]	
	op: id   		dest: v8		type: int		args: ["i"]	
	op: mul  		dest: v9		type: int		args: ["v7", "v8"]	
	op: id   		dest: result		type: int		args: ["v9"]	
	op: id   		dest: v10		type: int		args: ["i"]	
	op: const		dest: v11		type: int		value: 1	
	op: sub  		dest: v12		type: int		args: ["v10", "v11"]	
	op: id   		dest: i 		type: int		args: ["v12"]	
	op: jmp  		labels: ["for.cond.2"]
.for.end.2
	op: id   		dest: v13		type: int		args: ["result"]	
	op: print		args: ["v13"]	
	op: const		dest: v14		type: int		value: 0	
