@main
	op: const		dest: v0		type: int		value: 2	
	op: id   		dest: two		type: int		args: ["v0"]	
	op: id   		dest: v1		type: int		args: ["p"]	
	op: id   		dest: v2		type: int		args: ["two"]	
	op: sub  		dest: v3		type: int		args: ["v1", "v2"]	
	op: id   		dest: m 		type: int		args: ["v3"]	
	op: const		dest: v4		type: int		value: 1	
	op: id   		dest: ans		type: int		args: ["v4"]	
	op: id   		dest: v5		type: int		args: ["n"]	
	op: id   		dest: a 		type: int		args: ["v5"]	
	op: const		dest: v7		type: int		value: 1	
	op: id   		dest: i 		type: int		args: ["v7"]	
.for.cond.6
	op: id   		dest: v8		type: int		args: ["m"]	
	op: const		dest: v9		type: int		value: 0	
	op: gt   		dest: v10		type: bool		args: ["v8", "v9"]	
	op: br   		args: ["v10"]		labels: ["for.body.6", "for.end.6"]
.for.body.6
	op: id   		dest: v12		type: int		args: ["m"]	
	op: id   		dest: v13		type: int		args: ["m"]	
	op: id   		dest: v14		type: int		args: ["two"]	
	op: div  		dest: v15		type: int		args: ["v13", "v14"]	
	op: id   		dest: v16		type: int		args: ["two"]	
	op: mul  		dest: v17		type: int		args: ["v15", "v16"]	
	op: eq   		dest: v18		type: bool		args: ["v12", "v17"]	
	op: br   		args: ["v18"]		labels: ["then.11", "else.11"]
.then.11
	op: jmp  		labels: ["endif.11"]
.else.11
	op: id   		dest: v19		type: int		args: ["ans"]	
	op: id   		dest: v20		type: int		args: ["a"]	
	op: mul  		dest: v21		type: int		args: ["v19", "v20"]	
	op: id   		dest: v22		type: int		args: ["p"]	
	op: call 		dest: v23		type: int		args: ["v21", "v22"]		funcs: ["mod"]
	op: id   		dest: ans		type: int		args: ["v23"]	
.endif.11
	op: id   		dest: v24		type: int		args: ["a"]	
	op: id   		dest: v25		type: int		args: ["a"]	
	op: mul  		dest: v26		type: int		args: ["v24", "v25"]	
	op: id   		dest: v27		type: int		args: ["p"]	
	op: call 		dest: v28		type: int		args: ["v26", "v27"]		funcs: ["mod"]
	op: id   		dest: a 		type: int		args: ["v28"]	
	op: id   		dest: v29		type: int		args: ["m"]	
	op: id   		dest: v30		type: int		args: ["two"]	
	op: div  		dest: v31		type: int		args: ["v29", "v30"]	
	op: id   		dest: m 		type: int		args: ["v31"]	
	op: jmp  		labels: ["for.cond.6"]
.for.end.6
	op: id   		dest: v32		type: int		args: ["ans"]	
	op: print		args: ["v32"]	
	op: const		dest: v33		type: int		value: 0	
@mod
	op: id   		dest: v0		type: int		args: ["n"]	
	op: id   		dest: v1		type: int		args: ["n"]	
	op: id   		dest: v2		type: int		args: ["p"]	
	op: div  		dest: v3		type: int		args: ["v1", "v2"]	
	op: id   		dest: v4		type: int		args: ["p"]	
	op: mul  		dest: v5		type: int		args: ["v3", "v4"]	
	op: sub  		dest: v6		type: int		args: ["v0", "v5"]	
	op: ret  		args: ["v6"]	
