@main
	op: call 		dest: out		type: int		args: ["base", "exp", "mod"]		funcs: ["mod_pow"]
	op: print		args: ["out"]	
@mod_pow
	op: id   		dest: v1		type: int		args: ["m"]	
	op: const		dest: v2		type: int		value: 1	
	op: eq   		dest: v3		type: bool		args: ["v1", "v2"]	
	op: br   		args: ["v3"]		labels: ["then.0", "else.0"]
.then.0
	op: const		dest: v4		type: int		value: 0	
	op: ret  		args: ["v4"]	
.else.0
	op: const		dest: v5		type: int		value: 1	
	op: id   		dest: result		type: int		args: ["v5"]	
	op: id   		dest: v6		type: int		args: ["b"]	
	op: id   		dest: v7		type: int		args: ["m"]	
	op: call 		dest: base		type: int		args: ["v6", "v7"]		funcs: ["mod"]
	op: id   		dest: base		type: int		args: ["base"]	
	op: id   		dest: v9		type: int		args: ["e"]	
	op: id   		dest: exp		type: int		args: ["v9"]	
.for.cond.8
	op: id   		dest: v10		type: int		args: ["exp"]	
	op: const		dest: v11		type: int		value: 0	
	op: gt   		dest: v12		type: bool		args: ["v10", "v11"]	
	op: br   		args: ["v12"]		labels: ["for.body.8", "for.end.8"]
.for.body.8
	op: id   		dest: v13		type: int		args: ["exp"]	
	op: const		dest: v14		type: int		value: 2	
	op: call 		dest: bit		type: int		args: ["v13", "v14"]		funcs: ["mod"]
	op: id   		dest: bit		type: int		args: ["bit"]	
	op: id   		dest: v16		type: int		args: ["bit"]	
	op: const		dest: v17		type: int		value: 1	
	op: eq   		dest: v18		type: bool		args: ["v16", "v17"]	
	op: br   		args: ["v18"]		labels: ["then.15", "else.15"]
.then.15
	op: id   		dest: v19		type: int		args: ["result"]	
	op: id   		dest: v20		type: int		args: ["base"]	
	op: mul  		dest: v21		type: int		args: ["v19", "v20"]	
	op: id   		dest: result		type: int		args: ["v21"]	
	op: id   		dest: v22		type: int		args: ["result"]	
	op: id   		dest: v23		type: int		args: ["m"]	
	op: call 		dest: v24		type: int		args: ["v22", "v23"]		funcs: ["mod"]
	op: id   		dest: result		type: int		args: ["v24"]	
	op: jmp  		labels: ["endif.15"]
.else.15
.endif.15
	op: id   		dest: v25		type: int		args: ["base"]	
	op: id   		dest: v26		type: int		args: ["base"]	
	op: mul  		dest: v27		type: int		args: ["v25", "v26"]	
	op: id   		dest: base		type: int		args: ["v27"]	
	op: id   		dest: v28		type: int		args: ["base"]	
	op: id   		dest: v29		type: int		args: ["m"]	
	op: call 		dest: v30		type: int		args: ["v28", "v29"]		funcs: ["mod"]
	op: id   		dest: base		type: int		args: ["v30"]	
	op: id   		dest: v31		type: int		args: ["exp"]	
	op: const		dest: v32		type: int		value: 2	
	op: div  		dest: v33		type: int		args: ["v31", "v32"]	
	op: id   		dest: exp		type: int		args: ["v33"]	
	op: jmp  		labels: ["for.cond.8"]
.for.end.8
	op: id   		dest: v34		type: int		args: ["result"]	
	op: ret  		args: ["v34"]	
@mod
	op: id   		dest: v0		type: int		args: ["n"]	
	op: id   		dest: v1		type: int		args: ["n"]	
	op: id   		dest: v2		type: int		args: ["m"]	
	op: div  		dest: v3		type: int		args: ["v1", "v2"]	
	op: id   		dest: v4		type: int		args: ["m"]	
	op: mul  		dest: v5		type: int		args: ["v3", "v4"]	
	op: sub  		dest: v6		type: int		args: ["v0", "v5"]	
	op: ret  		args: ["v6"]	
