@main
	op: call 		dest: tr		type: int		args: ["t", "r"]		funcs: ["mod"]
	op: mul  		dest: trnn		type: int		args: ["tr", "nn"]	
	op: call 		dest: m 		type: int		args: ["trnn", "r"]		funcs: ["mod"]
	op: mul  		dest: mn		type: int		args: ["m", "n"]	
	op: add  		dest: tmn		type: int		args: ["t", "mn"]	
	op: div  		dest: t 		type: int		args: ["tmn", "r"]	
	op: ge   		dest: b 		type: bool		args: ["t", "n"]	
	op: br   		args: ["b"]		labels: ["then", "else"]
.then
	op: sub  		dest: res		type: int		args: ["t", "n"]	
	op: print		args: ["res"]	
.else
	op: print		args: ["t"]	
@mod
	op: div  		dest: q 		type: int		args: ["x", "y"]	
	op: mul  		dest: xq		type: int		args: ["y", "q"]	
	op: sub  		dest: result		type: int		args: ["x", "xq"]	
	op: ret  		args: ["result"]	
