@main
	op: nop  	
	op: const		dest: v 		type: int		value: 5	
	op: nop  	
	op: print		args: ["v"]	
	op: nop  	
