@main
	op: id   		dest: x 		type: int		args: ["input"]	
	op: id   		dest: v1		type: int		args: ["x"]	
	op: call 		dest: f 		type: int		args: ["v1"]		funcs: ["fac"]
	op: id   		dest: f 		type: int		args: ["f"]	
	op: id   		dest: v2		type: int		args: ["f"]	
	op: print		args: ["v2"]	
	op: const		dest: v3		type: int		value: 0	
@fac
	op: id   		dest: v1		type: int		args: ["x"]	
	op: const		dest: v2		type: int		value: 1	
	op: le   		dest: v3		type: bool		args: ["v1", "v2"]	
	op: br   		args: ["v3"]		labels: ["then.0", "else.0"]
.then.0
	op: const		dest: v4		type: int		value: 1	
	op: ret  		args: ["v4"]	
	op: jmp  		labels: ["endif.0"]
.else.0
.endif.0
	op: id   		dest: v5		type: int		args: ["x"]	
	op: id   		dest: v6		type: int		args: ["x"]	
	op: const		dest: v7		type: int		value: 1	
	op: sub  		dest: v8		type: int		args: ["v6", "v7"]	
	op: call 		dest: v9		type: int		args: ["v8"]		funcs: ["fac"]
	op: mul  		dest: v10		type: int		args: ["v5", "v9"]	
	op: id   		dest: result		type: int		args: ["v10"]	
	op: id   		dest: v11		type: int		args: ["result"]	
	op: ret  		args: ["v11"]	
