@sumOfSquares
	op: const		dest: v0		type: int		value: 0	
	op: id   		dest: res		type: int		args: ["v0"]	
	op: const		dest: v2		type: int		value: 1	
	op: id   		dest: i 		type: int		args: ["v2"]	
.for.cond.1
	op: id   		dest: v3		type: int		args: ["i"]	
	op: id   		dest: v4		type: int		args: ["n"]	
	op: le   		dest: v5		type: bool		args: ["v3", "v4"]	
	op: br   		args: ["v5"]		labels: ["for.body.1", "for.end.1"]
.for.body.1
	op: id   		dest: v6		type: int		args: ["i"]	
	op: id   		dest: v7		type: int		args: ["i"]	
	op: mul  		dest: v8		type: int		args: ["v6", "v7"]	
	op: id   		dest: sq		type: int		args: ["v8"]	
	op: id   		dest: v9		type: int		args: ["res"]	
	op: id   		dest: v10		type: int		args: ["sq"]	
	op: add  		dest: v11		type: int		args: ["v9", "v10"]	
	op: id   		dest: res		type: int		args: ["v11"]	
	op: id   		dest: v12		type: int		args: ["i"]	
	op: const		dest: v13		type: int		value: 1	
	op: add  		dest: v14		type: int		args: ["v12", "v13"]	
	op: id   		dest: i 		type: int		args: ["v14"]	
	op: jmp  		labels: ["for.cond.1"]
.for.end.1
	op: id   		dest: v15		type: int		args: ["res"]	
	op: ret  		args: ["v15"]	
@squareOfSum
	op: const		dest: v0		type: int		value: 0	
	op: id   		dest: res		type: int		args: ["v0"]	
	op: const		dest: v2		type: int		value: 1	
	op: id   		dest: i 		type: int		args: ["v2"]	
.for.cond.1
	op: id   		dest: v3		type: int		args: ["i"]	
	op: id   		dest: v4		type: int		args: ["n"]	
	op: le   		dest: v5		type: bool		args: ["v3", "v4"]	
	op: br   		args: ["v5"]		labels: ["for.body.1", "for.end.1"]
.for.body.1
	op: id   		dest: v6		type: int		args: ["res"]	
	op: id   		dest: v7		type: int		args: ["i"]	
	op: add  		dest: v8		type: int		args: ["v6", "v7"]	
	op: id   		dest: res		type: int		args: ["v8"]	
	op: id   		dest: v9		type: int		args: ["i"]	
	op: const		dest: v10		type: int		value: 1	
	op: add  		dest: v11		type: int		args: ["v9", "v10"]	
	op: id   		dest: i 		type: int		args: ["v11"]	
	op: jmp  		labels: ["for.cond.1"]
.for.end.1
	op: id   		dest: v12		type: int		args: ["res"]	
	op: id   		dest: v13		type: int		args: ["res"]	
	op: mul  		dest: v14		type: int		args: ["v12", "v13"]	
	op: id   		dest: square		type: int		args: ["v14"]	
	op: id   		dest: v15		type: int		args: ["square"]	
	op: ret  		args: ["v15"]	
@main
	op: id   		dest: v0		type: int		args: ["n"]	
	op: call 		dest: sum		type: int		args: ["v0"]		funcs: ["sumOfSquares"]
	op: id   		dest: sum		type: int		args: ["sum"]	
	op: id   		dest: v1		type: int		args: ["n"]	
	op: call 		dest: square		type: int		args: ["v1"]		funcs: ["squareOfSum"]
	op: id   		dest: square		type: int		args: ["square"]	
	op: id   		dest: v2		type: int		args: ["square"]	
	op: id   		dest: v3		type: int		args: ["sum"]	
	op: sub  		dest: v4		type: int		args: ["v2", "v3"]	
	op: id   		dest: diff		type: int		args: ["v4"]	
	op: id   		dest: v5		type: int		args: ["diff"]	
	op: print		args: ["v5"]	
	op: const		dest: v6		type: int		value: 0	
	op: id   		dest: v7		type: int		args: ["diff"]	
